// Jest Snapshot v1, https://goo.gl/fbAQLP

exports[`application should work 1`] = `
"<main>
  <h1>
    Rails Todo Playground
  </h1>
  <div className=\\"container\\">
    <Todos />
  </div>
</main>"
`;
